// Jest Snapshot v1, https://goo.gl/fbAQLP

exports[`HomeContainer renders 1`] = `
.c0 {
  width: 100%;
  height: 100vh;
  background: linear-gradient(120deg,var(--bgGray1),var(--bgGray2));
  display: -webkit-box;
  display: -webkit-flex;
  display: -ms-flexbox;
  display: flex;
  -webkit-box-pack: center;
  -webkit-justify-content: center;
  -ms-flex-pack: center;
  justify-content: center;
  -webkit-align-items: center;
  -webkit-box-align: center;
  -ms-flex-align: center;
  align-items: center;
}

<div
  className="c0"
/>
`;
