// Jest Snapshot v1, https://goo.gl/fbAQLP

exports[`App app renders correctly 1`] = `
<BrowserRouter>
  <Switch>
    <Route
      component={[Function]}
      exact={true}
      path="/"
    />
    <PrivateRoute
      component={[Function]}
      path="/dashboard"
    />
  </Switch>
</BrowserRouter>
`;
